/data2/yb/reproduction_envs/s0/lib/python3.10/site-packages/torch/nn/modules/transformer.py:286: UserWarning: enable_nested_tensor is True, but self.use_nested_tensor is False because encoder_layer.norm_first was True
  warnings.warn(f"enable_nested_tensor is True, but self.use_nested_tensor is False because {why_not_sparsity_fast_path}")
/data2/yb/reproduction_envs/s0/lib/python3.10/site-packages/torch/nn/modules/transformer.py:286: UserWarning: enable_nested_tensor is True, but self.use_nested_tensor is False because encoder_layer.norm_first was True
  warnings.warn(f"enable_nested_tensor is True, but self.use_nested_tensor is False because {why_not_sparsity_fast_path}")
Utterance datasets: train=9989 dev=1109 test=2610
Dialogue datasets: train=968 dev=108 test=268
[fusion] Epoch   1/50 | Train Loss: 5.3205 F1: 0.2825 Acc: 0.3009 | Val Loss: 5.7388 F1: 0.0377 Acc: 0.1470 | Test Diagnostic Loss: 5.4956 F1: 0.0411 Acc: 0.1540
[fusion] >>> new peak-test F1: 0.0411 (epoch 1, saved)
[fusion] >>> new best F1: 0.0377 (saved)
[fusion] Epoch   2/50 | Train Loss: 4.8980 F1: 0.3063 Acc: 0.4648 | Val Loss: 5.5499 F1: 0.0377 Acc: 0.1470 | Test Diagnostic Loss: 5.2764 F1: 0.0411 Acc: 0.1540
[fusion] Epoch   3/50 | Train Loss: 4.8501 F1: 0.3051 Acc: 0.4666 | Val Loss: 5.3708 F1: 0.0395 Acc: 0.1479 | Test Diagnostic Loss: 5.0651 F1: 0.0435 Acc: 0.1552
[fusion] >>> new peak-test F1: 0.0435 (epoch 3, saved)
[fusion] >>> new best F1: 0.0395 (saved)
[fusion] Epoch   4/50 | Train Loss: 4.8331 F1: 0.3056 Acc: 0.4689 | Val Loss: 5.2480 F1: 0.2523 Acc: 0.4238 | Test Diagnostic Loss: 4.9111 F1: 0.3127 Acc: 0.4812
[fusion] >>> new peak-test F1: 0.3127 (epoch 4, saved)
[fusion] >>> new best F1: 0.2523 (saved)
[fusion] Epoch   5/50 | Train Loss: 4.8072 F1: 0.3033 Acc: 0.4697 | Val Loss: 5.1839 F1: 0.2523 Acc: 0.4238 | Test Diagnostic Loss: 4.8226 F1: 0.3127 Acc: 0.4812
[fusion] Epoch   6/50 | Train Loss: 4.7858 F1: 0.3035 Acc: 0.4708 | Val Loss: 5.1534 F1: 0.2523 Acc: 0.4238 | Test Diagnostic Loss: 4.7722 F1: 0.3127 Acc: 0.4812
[fusion] Epoch   7/50 | Train Loss: 4.7726 F1: 0.3032 Acc: 0.4710 | Val Loss: 5.1387 F1: 0.2523 Acc: 0.4238 | Test Diagnostic Loss: 4.7421 F1: 0.3127 Acc: 0.4812
[fusion] Epoch   8/50 | Train Loss: 4.7293 F1: 0.3021 Acc: 0.4714 | Val Loss: 5.1288 F1: 0.2523 Acc: 0.4238 | Test Diagnostic Loss: 4.7200 F1: 0.3127 Acc: 0.4812
[fusion] Epoch   9/50 | Train Loss: 4.7110 F1: 0.3025 Acc: 0.4713 | Val Loss: 5.1217 F1: 0.2523 Acc: 0.4238 | Test Diagnostic Loss: 4.7000 F1: 0.3127 Acc: 0.4812
[fusion] Epoch  10/50 | Train Loss: 4.6895 F1: 0.3026 Acc: 0.4715 | Val Loss: 5.1128 F1: 0.2523 Acc: 0.4238 | Test Diagnostic Loss: 4.6800 F1: 0.3127 Acc: 0.4812
[fusion] Epoch  11/50 | Train Loss: 4.6853 F1: 0.3023 Acc: 0.4714 | Val Loss: 5.1037 F1: 0.2523 Acc: 0.4238 | Test Diagnostic Loss: 4.6611 F1: 0.3127 Acc: 0.4812
[fusion] Epoch  12/50 | Train Loss: 4.6840 F1: 0.3028 Acc: 0.4713 | Val Loss: 5.0967 F1: 0.2523 Acc: 0.4238 | Test Diagnostic Loss: 4.6441 F1: 0.3127 Acc: 0.4812
[fusion] Epoch  13/50 | Train Loss: 4.6805 F1: 0.3020 Acc: 0.4710 | Val Loss: 5.0911 F1: 0.2523 Acc: 0.4238 | Test Diagnostic Loss: 4.6301 F1: 0.3127 Acc: 0.4812
[fusion] Epoch  14/50 | Train Loss: 4.6917 F1: 0.3030 Acc: 0.4712 | Val Loss: 5.0862 F1: 0.2523 Acc: 0.4238 | Test Diagnostic Loss: 4.6173 F1: 0.3127 Acc: 0.4812
[fusion] Epoch  15/50 | Train Loss: 4.6638 F1: 0.3020 Acc: 0.4708 | Val Loss: 5.0821 F1: 0.2523 Acc: 0.4238 | Test Diagnostic Loss: 4.6072 F1: 0.3127 Acc: 0.4812
[fusion] Epoch  16/50 | Train Loss: 4.6774 F1: 0.3033 Acc: 0.4718 | Val Loss: 5.0808 F1: 0.2523 Acc: 0.4238 | Test Diagnostic Loss: 4.5988 F1: 0.3127 Acc: 0.4812
[fusion] early stopping at epoch 16
/data2/yb/reproduction_envs/s0/lib/python3.10/site-packages/torch/nn/modules/transformer.py:286: UserWarning: enable_nested_tensor is True, but self.use_nested_tensor is False because encoder_layer.norm_first was True
  warnings.warn(f"enable_nested_tensor is True, but self.use_nested_tensor is False because {why_not_sparsity_fast_path}")
====================================
Experiment: meld_vat_no-align
Timestamp: 20261009_145656
Dataset: meld
Modalities: ['v', 'a', 't']
====================================
==== Fusion Model Report ====
          Class  Precision     Recall   F1-score    Support
-----------------------------------------------------------------
        neutral      48.12     100.00      64.98       1256
       surprise       0.00       0.00       0.00        281
           fear       0.00       0.00       0.00         50
        sadness       0.00       0.00       0.00        208
            joy       0.00       0.00       0.00        402
        disgust       0.00       0.00       0.00         68
          anger       0.00       0.00       0.00        345
       accuracy      48.12
      macro avg       6.87      14.29       9.28       2610
   weighted avg      23.16      48.12      31.27       2610
[diagnostic] best_epoch=4 best_val_f1=0.2523
====================================
Saved fusion model to: results/20261009_145656_meld_vat_no-align_seed2025/best_fusion_meld_vat_no-align.pth
Saved configuration to: results/20261009_145656_meld_vat_no-align_seed2025/config_meld_vat_no-align.json
Saved fusion metrics to: results/20261009_145656_meld_vat_no-align_seed2025/fusion_metrics_meld_vat_no-align.json
/data2/yb/multimodalERC/MM_Mixer_FrozenRoBERTa_MELD_20261009/runs/meld/modal_t/seed2025/best_peak
