/data2/yb/reproduction_envs/s0/lib/python3.10/site-packages/torch/nn/modules/transformer.py:286: UserWarning: enable_nested_tensor is True, but self.use_nested_tensor is False because encoder_layer.norm_first was True
  warnings.warn(f"enable_nested_tensor is True, but self.use_nested_tensor is False because {why_not_sparsity_fast_path}")
/data2/yb/reproduction_envs/s0/lib/python3.10/site-packages/torch/nn/modules/transformer.py:286: UserWarning: enable_nested_tensor is True, but self.use_nested_tensor is False because encoder_layer.norm_first was True
  warnings.warn(f"enable_nested_tensor is True, but self.use_nested_tensor is False because {why_not_sparsity_fast_path}")
Utterance datasets: train=9989 dev=1109 test=2610
Dialogue datasets: train=968 dev=108 test=268
[fusion] Epoch   1/50 | Train Loss: 11.8969 F1: 0.2857 Acc: 0.3037 | Val Loss: 12.6760 F1: 0.0375 Acc: 0.1461 | Test Diagnostic Loss: 11.9577 F1: 0.0427 Acc: 0.1548
[fusion] >>> new peak-test F1: 0.0427 (epoch 1, saved)
[fusion] >>> new best F1: 0.0375 (saved)
[fusion] Epoch   2/50 | Train Loss: 11.4679 F1: 0.3074 Acc: 0.4655 | Val Loss: 12.5052 F1: 0.0567 Acc: 0.1551 | Test Diagnostic Loss: 11.7597 F1: 0.0608 Acc: 0.1613
[fusion] >>> new peak-test F1: 0.0608 (epoch 2, saved)
[fusion] >>> new best F1: 0.0567 (saved)
[fusion] Epoch   3/50 | Train Loss: 11.3928 F1: 0.3072 Acc: 0.4657 | Val Loss: 12.3348 F1: 0.1775 Acc: 0.2353 | Test Diagnostic Loss: 11.5613 F1: 0.1972 Acc: 0.2483
[fusion] >>> new peak-test F1: 0.1972 (epoch 3, saved)
[fusion] >>> new best F1: 0.1775 (saved)
[fusion] Epoch   4/50 | Train Loss: 11.3535 F1: 0.3096 Acc: 0.4679 | Val Loss: 12.2047 F1: 0.2657 Acc: 0.3607 | Test Diagnostic Loss: 11.4040 F1: 0.3251 Acc: 0.4100
[fusion] >>> new peak-test F1: 0.3251 (epoch 4, saved)
[fusion] >>> new best F1: 0.2657 (saved)
[fusion] Epoch   5/50 | Train Loss: 11.2796 F1: 0.3140 Acc: 0.4695 | Val Loss: 12.1143 F1: 0.2895 Acc: 0.4238 | Test Diagnostic Loss: 11.2918 F1: 0.3473 Acc: 0.4762
[fusion] >>> new peak-test F1: 0.3473 (epoch 5, saved)
[fusion] >>> new best F1: 0.2895 (saved)
[fusion] Epoch   6/50 | Train Loss: 11.2065 F1: 0.3317 Acc: 0.4720 | Val Loss: 12.0439 F1: 0.2851 Acc: 0.4328 | Test Diagnostic Loss: 11.2013 F1: 0.3435 Acc: 0.4835
[fusion] Epoch   7/50 | Train Loss: 11.1641 F1: 0.3456 Acc: 0.4706 | Val Loss: 11.9815 F1: 0.2842 Acc: 0.4328 | Test Diagnostic Loss: 11.1217 F1: 0.3435 Acc: 0.4858
[fusion] Epoch   8/50 | Train Loss: 11.0570 F1: 0.3554 Acc: 0.4755 | Val Loss: 11.9244 F1: 0.2987 Acc: 0.4400 | Test Diagnostic Loss: 11.0475 F1: 0.3577 Acc: 0.4912
[fusion] >>> new peak-test F1: 0.3577 (epoch 8, saved)
[fusion] >>> new best F1: 0.2987 (saved)
[fusion] Epoch   9/50 | Train Loss: 10.9960 F1: 0.3621 Acc: 0.4733 | Val Loss: 11.8712 F1: 0.3355 Acc: 0.4563 | Test Diagnostic Loss: 10.9743 F1: 0.3832 Acc: 0.4985
[fusion] >>> new peak-test F1: 0.3832 (epoch 9, saved)
[fusion] >>> new best F1: 0.3355 (saved)
[fusion] Epoch  10/50 | Train Loss: 10.9203 F1: 0.3728 Acc: 0.4720 | Val Loss: 11.8198 F1: 0.3753 Acc: 0.4824 | Test Diagnostic Loss: 10.9038 F1: 0.4016 Acc: 0.5008
[fusion] >>> new peak-test F1: 0.4016 (epoch 10, saved)
[fusion] >>> new best F1: 0.3753 (saved)
[fusion] Epoch  11/50 | Train Loss: 10.8583 F1: 0.3660 Acc: 0.4755 | Val Loss: 11.7711 F1: 0.3737 Acc: 0.4779 | Test Diagnostic Loss: 10.8334 F1: 0.4218 Acc: 0.5115
[fusion] >>> new peak-test F1: 0.4218 (epoch 11, saved)
[fusion] Epoch  12/50 | Train Loss: 10.8264 F1: 0.3779 Acc: 0.4810 | Val Loss: 11.7260 F1: 0.3805 Acc: 0.4851 | Test Diagnostic Loss: 10.7624 F1: 0.4271 Acc: 0.5134
[fusion] >>> new peak-test F1: 0.4271 (epoch 12, saved)
[fusion] >>> new best F1: 0.3805 (saved)
[fusion] Epoch  13/50 | Train Loss: 10.7734 F1: 0.3869 Acc: 0.4842 | Val Loss: 11.6855 F1: 0.3828 Acc: 0.4842 | Test Diagnostic Loss: 10.6990 F1: 0.4272 Acc: 0.5061
[fusion] >>> new peak-test F1: 0.4272 (epoch 13, saved)
[fusion] >>> new best F1: 0.3828 (saved)
[fusion] Epoch  14/50 | Train Loss: 10.7813 F1: 0.3901 Acc: 0.4836 | Val Loss: 11.6485 F1: 0.3926 Acc: 0.4860 | Test Diagnostic Loss: 10.6381 F1: 0.4326 Acc: 0.5073
[fusion] >>> new peak-test F1: 0.4326 (epoch 14, saved)
[fusion] >>> new best F1: 0.3926 (saved)
[fusion] Epoch  15/50 | Train Loss: 10.7416 F1: 0.3827 Acc: 0.4747 | Val Loss: 11.6076 F1: 0.3940 Acc: 0.4860 | Test Diagnostic Loss: 10.5803 F1: 0.4339 Acc: 0.5103
[fusion] >>> new peak-test F1: 0.4339 (epoch 15, saved)
[fusion] >>> new best F1: 0.3940 (saved)
[fusion] Epoch  16/50 | Train Loss: 10.6934 F1: 0.3995 Acc: 0.4883 | Val Loss: 11.5723 F1: 0.3980 Acc: 0.4869 | Test Diagnostic Loss: 10.5270 F1: 0.4361 Acc: 0.5103
[fusion] >>> new peak-test F1: 0.4361 (epoch 16, saved)
[fusion] >>> new best F1: 0.3980 (saved)
[fusion] Epoch  17/50 | Train Loss: 10.6460 F1: 0.4203 Acc: 0.4909 | Val Loss: 11.5423 F1: 0.4015 Acc: 0.4860 | Test Diagnostic Loss: 10.4803 F1: 0.4433 Acc: 0.5130
[fusion] >>> new peak-test F1: 0.4433 (epoch 17, saved)
[fusion] >>> new best F1: 0.4015 (saved)
[fusion] Epoch  18/50 | Train Loss: 10.6116 F1: 0.4158 Acc: 0.4941 | Val Loss: 11.5145 F1: 0.4059 Acc: 0.4851 | Test Diagnostic Loss: 10.4365 F1: 0.4423 Acc: 0.5096
[fusion] >>> new best F1: 0.4059 (saved)
[fusion] Epoch  19/50 | Train Loss: 10.6115 F1: 0.4143 Acc: 0.4931 | Val Loss: 11.4903 F1: 0.4093 Acc: 0.4860 | Test Diagnostic Loss: 10.3976 F1: 0.4491 Acc: 0.5115
[fusion] >>> new peak-test F1: 0.4491 (epoch 19, saved)
[fusion] >>> new best F1: 0.4093 (saved)
[fusion] Epoch  20/50 | Train Loss: 10.5881 F1: 0.4191 Acc: 0.4880 | Val Loss: 11.4649 F1: 0.4142 Acc: 0.4824 | Test Diagnostic Loss: 10.3613 F1: 0.4579 Acc: 0.5149
[fusion] >>> new peak-test F1: 0.4579 (epoch 20, saved)
[fusion] >>> new best F1: 0.4142 (saved)
[fusion] Epoch  21/50 | Train Loss: 10.5744 F1: 0.4094 Acc: 0.4933 | Val Loss: 11.4399 F1: 0.4229 Acc: 0.4914 | Test Diagnostic Loss: 10.3247 F1: 0.4625 Acc: 0.5211
[fusion] >>> new peak-test F1: 0.4625 (epoch 21, saved)
[fusion] >>> new best F1: 0.4229 (saved)
[fusion] Epoch  22/50 | Train Loss: 10.5243 F1: 0.4315 Acc: 0.5009 | Val Loss: 11.4142 F1: 0.4298 Acc: 0.4959 | Test Diagnostic Loss: 10.2926 F1: 0.4637 Acc: 0.5211
[fusion] >>> new peak-test F1: 0.4637 (epoch 22, saved)
[fusion] >>> new best F1: 0.4298 (saved)
[fusion] Epoch  23/50 | Train Loss: 10.5124 F1: 0.4277 Acc: 0.4955 | Val Loss: 11.3927 F1: 0.4311 Acc: 0.4959 | Test Diagnostic Loss: 10.2641 F1: 0.4660 Acc: 0.5211
[fusion] >>> new peak-test F1: 0.4660 (epoch 23, saved)
[fusion] >>> new best F1: 0.4311 (saved)
[fusion] Epoch  24/50 | Train Loss: 10.5223 F1: 0.4384 Acc: 0.5012 | Val Loss: 11.3691 F1: 0.4363 Acc: 0.4968 | Test Diagnostic Loss: 10.2360 F1: 0.4680 Acc: 0.5192
[fusion] >>> new peak-test F1: 0.4680 (epoch 24, saved)
[fusion] >>> new best F1: 0.4363 (saved)
[fusion] Epoch  25/50 | Train Loss: 10.4686 F1: 0.4356 Acc: 0.4977 | Val Loss: 11.3449 F1: 0.4413 Acc: 0.4995 | Test Diagnostic Loss: 10.2116 F1: 0.4707 Acc: 0.5192
[fusion] >>> new peak-test F1: 0.4707 (epoch 25, saved)
[fusion] >>> new best F1: 0.4413 (saved)
[fusion] Epoch  26/50 | Train Loss: 10.4482 F1: 0.4374 Acc: 0.5045 | Val Loss: 11.3233 F1: 0.4514 Acc: 0.5050 | Test Diagnostic Loss: 10.1888 F1: 0.4719 Acc: 0.5195
[fusion] >>> new peak-test F1: 0.4719 (epoch 26, saved)
[fusion] >>> new best F1: 0.4514 (saved)
[fusion] Epoch  27/50 | Train Loss: 10.4263 F1: 0.4332 Acc: 0.5028 | Val Loss: 11.3036 F1: 0.4530 Acc: 0.5050 | Test Diagnostic Loss: 10.1666 F1: 0.4724 Acc: 0.5188
[fusion] >>> new peak-test F1: 0.4724 (epoch 27, saved)
[fusion] >>> new best F1: 0.4530 (saved)
[fusion] Epoch  28/50 | Train Loss: 10.4227 F1: 0.4424 Acc: 0.5030 | Val Loss: 11.2855 F1: 0.4556 Acc: 0.5068 | Test Diagnostic Loss: 10.1463 F1: 0.4735 Acc: 0.5195
[fusion] >>> new peak-test F1: 0.4735 (epoch 28, saved)
[fusion] >>> new best F1: 0.4556 (saved)
[fusion] Epoch  29/50 | Train Loss: 10.4521 F1: 0.4456 Acc: 0.5084 | Val Loss: 11.2678 F1: 0.4552 Acc: 0.5050 | Test Diagnostic Loss: 10.1282 F1: 0.4748 Acc: 0.5203
[fusion] >>> new peak-test F1: 0.4748 (epoch 29, saved)
[fusion] Epoch  30/50 | Train Loss: 10.4168 F1: 0.4452 Acc: 0.5092 | Val Loss: 11.2459 F1: 0.4572 Acc: 0.5068 | Test Diagnostic Loss: 10.1093 F1: 0.4771 Acc: 0.5222
[fusion] >>> new peak-test F1: 0.4771 (epoch 30, saved)
[fusion] >>> new best F1: 0.4572 (saved)
[fusion] Epoch  31/50 | Train Loss: 10.4029 F1: 0.4469 Acc: 0.5091 | Val Loss: 11.2273 F1: 0.4563 Acc: 0.5059 | Test Diagnostic Loss: 10.0922 F1: 0.4781 Acc: 0.5234
[fusion] >>> new peak-test F1: 0.4781 (epoch 31, saved)
[fusion] Epoch  32/50 | Train Loss: 10.3915 F1: 0.4498 Acc: 0.5077 | Val Loss: 11.2082 F1: 0.4583 Acc: 0.5068 | Test Diagnostic Loss: 10.0757 F1: 0.4799 Acc: 0.5238
[fusion] >>> new peak-test F1: 0.4799 (epoch 32, saved)
[fusion] >>> new best F1: 0.4583 (saved)
[fusion] Epoch  33/50 | Train Loss: 10.3683 F1: 0.4438 Acc: 0.5026 | Val Loss: 11.1891 F1: 0.4637 Acc: 0.5104 | Test Diagnostic Loss: 10.0614 F1: 0.4807 Acc: 0.5234
[fusion] >>> new peak-test F1: 0.4807 (epoch 33, saved)
[fusion] >>> new best F1: 0.4637 (saved)
[fusion] Epoch  34/50 | Train Loss: 10.3768 F1: 0.4433 Acc: 0.5071 | Val Loss: 11.1748 F1: 0.4655 Acc: 0.5113 | Test Diagnostic Loss: 10.0490 F1: 0.4808 Acc: 0.5238
[fusion] >>> new peak-test F1: 0.4808 (epoch 34, saved)
[fusion] >>> new best F1: 0.4655 (saved)
[fusion] Epoch  35/50 | Train Loss: 10.3342 F1: 0.4550 Acc: 0.5123 | Val Loss: 11.1626 F1: 0.4693 Acc: 0.5140 | Test Diagnostic Loss: 10.0398 F1: 0.4806 Acc: 0.5222
[fusion] >>> new best F1: 0.4693 (saved)
[fusion] Epoch  36/50 | Train Loss: 10.3518 F1: 0.4544 Acc: 0.5100 | Val Loss: 11.1528 F1: 0.4706 Acc: 0.5140 | Test Diagnostic Loss: 10.0294 F1: 0.4831 Acc: 0.5238
[fusion] >>> new peak-test F1: 0.4831 (epoch 36, saved)
[fusion] >>> new best F1: 0.4706 (saved)
[fusion] Epoch  37/50 | Train Loss: 10.3209 F1: 0.4531 Acc: 0.5109 | Val Loss: 11.1449 F1: 0.4725 Acc: 0.5149 | Test Diagnostic Loss: 10.0212 F1: 0.4838 Acc: 0.5245
[fusion] >>> new peak-test F1: 0.4838 (epoch 37, saved)
[fusion] >>> new best F1: 0.4725 (saved)
[fusion] Epoch  38/50 | Train Loss: 10.3125 F1: 0.4505 Acc: 0.5140 | Val Loss: 11.1348 F1: 0.4731 Acc: 0.5158 | Test Diagnostic Loss: 10.0123 F1: 0.4827 Acc: 0.5238
[fusion] Epoch  39/50 | Train Loss: 10.3143 F1: 0.4608 Acc: 0.5201 | Val Loss: 11.1280 F1: 0.4723 Acc: 0.5140 | Test Diagnostic Loss: 10.0049 F1: 0.4823 Acc: 0.5238
[fusion] Epoch  40/50 | Train Loss: 10.2970 F1: 0.4608 Acc: 0.5146 | Val Loss: 11.1196 F1: 0.4736 Acc: 0.5158 | Test Diagnostic Loss: 9.9978 F1: 0.4826 Acc: 0.5241
[fusion] >>> new best F1: 0.4736 (saved)
[fusion] Epoch  41/50 | Train Loss: 10.3025 F1: 0.4600 Acc: 0.5160 | Val Loss: 11.1141 F1: 0.4729 Acc: 0.5149 | Test Diagnostic Loss: 9.9921 F1: 0.4824 Acc: 0.5241
[fusion] Epoch  42/50 | Train Loss: 10.2940 F1: 0.4564 Acc: 0.5206 | Val Loss: 11.1058 F1: 0.4774 Acc: 0.5203 | Test Diagnostic Loss: 9.9843 F1: 0.4822 Acc: 0.5249
[fusion] >>> new best F1: 0.4774 (saved)
[fusion] Epoch  43/50 | Train Loss: 10.2808 F1: 0.4599 Acc: 0.5158 | Val Loss: 11.1011 F1: 0.4779 Acc: 0.5203 | Test Diagnostic Loss: 9.9796 F1: 0.4820 Acc: 0.5245
[fusion] Epoch  44/50 | Train Loss: 10.2934 F1: 0.4546 Acc: 0.5136 | Val Loss: 11.0960 F1: 0.4777 Acc: 0.5203 | Test Diagnostic Loss: 9.9750 F1: 0.4818 Acc: 0.5245
[fusion] Epoch  45/50 | Train Loss: 10.2894 F1: 0.4596 Acc: 0.5167 | Val Loss: 11.0902 F1: 0.4776 Acc: 0.5203 | Test Diagnostic Loss: 9.9704 F1: 0.4806 Acc: 0.5234
[fusion] Epoch  46/50 | Train Loss: 10.2991 F1: 0.4624 Acc: 0.5212 | Val Loss: 11.0865 F1: 0.4748 Acc: 0.5176 | Test Diagnostic Loss: 9.9666 F1: 0.4835 Acc: 0.5264
[fusion] Epoch  47/50 | Train Loss: 10.2749 F1: 0.4657 Acc: 0.5220 | Val Loss: 11.0825 F1: 0.4746 Acc: 0.5176 | Test Diagnostic Loss: 9.9633 F1: 0.4815 Acc: 0.5241
[fusion] Epoch  48/50 | Train Loss: 10.2589 F1: 0.4671 Acc: 0.5238 | Val Loss: 11.0793 F1: 0.4747 Acc: 0.5185 | Test Diagnostic Loss: 9.9599 F1: 0.4835 Acc: 0.5257
[fusion] Epoch  49/50 | Train Loss: 10.2654 F1: 0.4614 Acc: 0.5185 | Val Loss: 11.0777 F1: 0.4747 Acc: 0.5185 | Test Diagnostic Loss: 9.9574 F1: 0.4840 Acc: 0.5261
[fusion] >>> new peak-test F1: 0.4840 (epoch 49, saved)
[fusion] Epoch  50/50 | Train Loss: 10.2498 F1: 0.4669 Acc: 0.5228 | Val Loss: 11.0765 F1: 0.4748 Acc: 0.5185 | Test Diagnostic Loss: 9.9553 F1: 0.4841 Acc: 0.5257
[fusion] >>> new peak-test F1: 0.4841 (epoch 50, saved)
/data2/yb/reproduction_envs/s0/lib/python3.10/site-packages/torch/nn/modules/transformer.py:286: UserWarning: enable_nested_tensor is True, but self.use_nested_tensor is False because encoder_layer.norm_first was True
  warnings.warn(f"enable_nested_tensor is True, but self.use_nested_tensor is False because {why_not_sparsity_fast_path}")
====================================
Experiment: meld_vat_no-align
Timestamp: 20261009_145656
Dataset: meld
Modalities: ['v', 'a', 't']
====================================
==== Fusion Model Report ====
          Class  Precision     Recall   F1-score    Support
-----------------------------------------------------------------
        neutral      58.61      81.05      68.03       1256
       surprise      32.37      23.84      27.46        281
           fear       0.00       0.00       0.00         50
        sadness      45.88      18.75      26.62        208
            joy      41.35      27.36      32.93        402
        disgust       0.00       0.00       0.00         68
          anger      43.81      40.00      41.82        345
       accuracy      52.57
      macro avg      31.72      27.29      28.12       2610
   weighted avg      47.50      52.57      48.41       2610
[diagnostic] best_epoch=42 best_val_f1=0.4774
====================================
Saved fusion model to: results/20261009_145656_meld_vat_no-align_seed2025/best_fusion_meld_vat_no-align.pth
Saved configuration to: results/20261009_145656_meld_vat_no-align_seed2025/config_meld_vat_no-align.json
Saved fusion metrics to: results/20261009_145656_meld_vat_no-align_seed2025/fusion_metrics_meld_vat_no-align.json
/data2/yb/multimodalERC/MM_Mixer_FrozenRoBERTa_MELD_20261009/runs/meld/full/seed2025/best_peak
